-> DOCUMENT
	-> UNORDERED_LIST
		-> LIST_ITEM
			-> TEXT | data1: " 순서 없는 리스트 1번 항목"
		-> LIST_ITEM
			-> TEXT | data1: " 2번 항목"
			-> UNORDERED_LIST
				-> LIST_ITEM
					-> TEXT | data1: " 중첩된 1번 항목"
					-> UNORDERED_LIST
						-> LIST_ITEM
							-> TEXT | data1: " 더 깊게 중첩된 항목"
						-> LIST_ITEM
							-> TEXT | data1: " 중첩된 2번 항목"
		-> LIST_ITEM
			-> TEXT | data1: " 3번 항목"
	-> ORDERED_LIST
		-> LIST_ITEM
			-> TEXT | data1: " 순서있는 리스트 1번"
		-> LIST_ITEM
			-> TEXT | data1: " 2번 항목"
			-> ORDERED_LIST
				-> LIST_ITEM
					-> TEXT | data1: " 중첩된 순서 있는 리스트"
				-> LIST_ITEM
					-> TEXT | data1: " 항목 2"
					-> UNORDERED_LIST
						-> LIST_ITEM
							-> TEXT | data1: " 중첩된 순서 없는 리스트"
		-> LIST_ITEM
			-> TEXT | data1: " 3번 항목"
