[HASH]
[HASH]
[TEXT]{" 링크 종합 테스트"}
[NEWLINE]
[NEWLINE]
[TEXT]{"이 문단에는 여러 종류의 링크가 있습니다"}
[DOT]
[NEWLINE]
[NEWLINE]
[TEXT]{"표준 마크다운 링크는 이렇게 생겼습니다: "}
[LBRACKET]
[TEXT]{"Google"}
[RBRACKET]
[LPAREN]
[TEXT]{"https://google"}
[DOT]
[TEXT]{"com"}
[RPAREN]
[DOT]
[NEWLINE]
[TEXT]{"Obsidian 내부 글 링크는 이렇게 생겼습니다: "}
[LBRACKET]
[LBRACKET]
[LPAREN]
[NUMBER]{"1"}
[RPAREN]
[TEXT]{" 첫 글"}
[RBRACKET]
[RBRACKET]
[DOT]
[NEWLINE]
[TEXT]{"마지막으로, Obsidian 이미지 링크는 이렇게 생겼습니다:"}
[NEWLINE]
[NEWLINE]
[EXCLAMATION]
[LBRACKET]
[LBRACKET]
[TEXT]{"image_preview"}
[DOT]
[TEXT]{"png"}
[RBRACKET]
[RBRACKET]
[NEWLINE]
[NEWLINE]
[TEXT]{"링크들 사이에도 일반 텍스트가 올 수 있습니다"}
[DOT]
[NEWLINE]
[EOF]
