<h2>링크 종합 테스트</h2>
<p>이 문단에는 여러 종류의 링크가 있습니다.</p>
<p>표준 마크다운 링크는 이렇게 생겼습니다: <a href="https://google.com">Google</a>. Obsidian 내부 글 링크는 이렇게 생겼습니다: <a href="(1) 첫 글">(1) 첫 글</a>. 마지막으로, Obsidian 이미지 링크는 이렇게 생겼습니다:</p>
<p><img src="image_preview.png" alt="image_preview.png"></p>
<p>링크들 사이에도 일반 텍스트가 올 수 있습니다. </p>
