<p>먼저 언어 타입이 지정된 C 코드 블록입니다.</p>
<pre><code class="language-c">#include &lt;stdio.h&gt;

// main function
int main() {
    printf("Hello, world! *이것은 볼드가 아니다*");
    return 0;
}
</code></pre>
<p>다음은 언어 타입이 없는 일반 코드 블록입니다.</p>
<pre><code>plain text
    - with indentation
# this is not a heading
</code></pre>
